E-thay ick-quay own-bray ox-fay umps-jay over-yay e-thay azy-lay og-day.
