I'm Obody-nay! O-whay are-yay ou-yay?
Are-yay ou-yay -- Obody-nay -- oo-tay?
En-thay there's a-yay air-pay of-yay us-yay!
Don't ell-tay! they'd advertise-yay -- ou-yay ow-knay!

Ow-hay eary-dray -- o-tay e-bay -- Omebody-say!
Ow-hay ublic-pay -- ike-lay a-yay Og-fray --  
O-tay ell-tay one's ame-nay -- e-thay ivelong-lay Une-jay --
O-tay an-yay admiring-yay Og-bay!
